WIDTH 20
HEIGHT 15
OBSTACLE 0 0
OBSTACLE 1 0
OBSTACLE 2 0
OBSTACLE 0 1
OBSTACLE 1 1
OBSTACLE 2 1
OBSTACLE 0 2
OBSTACLE 1 2
OBSTACLE 2 2
OBSTACLE 3 2
OBSTACLE 4 2
OBSTACLE 5 2
OBSTACLE 6 2
OBSTACLE 7 2
OBSTACLE 8 2
OBSTACLE 9 2
OBSTACLE 10 2
OBSTACLE 11 2
OBSTACLE 12 2
OBSTACLE 13 2
OBSTACLE 14 2
OBSTACLE 15 2
OBSTACLE 18 3
OBSTACLE 19 3
OBSTACLE 5 4
OBSTACLE 6 4
OBSTACLE 7 4
OBSTACLE 8 4
OBSTACLE 9 4
OBSTACLE 10 4
OBSTACLE 11 4
OBSTACLE 12 4
OBSTACLE 13 4
OBSTACLE 14 4
OBSTACLE 15 4
OBSTACLE 16 4
OBSTACLE 17 4
OBSTACLE 3 5
OBSTACLE 4 5
OBSTACLE 0 7
OBSTACLE 1 7
OBSTACLE 2 8
OBSTACLE 3 8
OBSTACLE 4 9
OBSTACLE 5 9
OBSTACLE 6 9
OBSTACLE 7 9
OBSTACLE 8 9
OBSTACLE 9 9
OBSTACLE 10 9
OBSTACLE 11 9
OBSTACLE 12 9
OBSTACLE 13 9
OBSTACLE 14 9
OBSTACLE 15 9
OBSTACLE 16 10
OBSTACLE 17 10
OBSTACLE 5 12
OBSTACLE 6 12
OBSTACLE 7 12
OBSTACLE 8 12
OBSTACLE 9 12
OBSTACLE 10 12
OBSTACLE 11 12
OBSTACLE 12 12
OBSTACLE 13 12
OBSTACLE 14 12
OBSTACLE 15 12
OBSTACLE 16 12
OBSTACLE 17 12
OBSTACLE 18 12
OBSTACLE 19 12
OBSTACLE 3 13
OBSTACLE 4 13

Spawn Points x, y
3 1
1 14
