WIDTH 25
HEIGHT 15
OBSTACLE 7 0
OBSTACLE 11 0
OBSTACLE 15 0
OBSTACLE 1 1
OBSTACLE 2 1
OBSTACLE 7 1
OBSTACLE 9 1
OBSTACLE 11 1
OBSTACLE 15 1
OBSTACLE 21 1
OBSTACLE 22 1
OBSTACLE 1 2
OBSTACLE 3 2
OBSTACLE 5 2
OBSTACLE 7 2
OBSTACLE 9 2
OBSTACLE 11 2
OBSTACLE 15 2
OBSTACLE 21 2
OBSTACLE 22 2
OBSTACLE 1 3
OBSTACLE 3 3
OBSTACLE 5 3
OBSTACLE 7 3
OBSTACLE 9 3
OBSTACLE 11 3
OBSTACLE 1 4
OBSTACLE 5 4
OBSTACLE 7 4
OBSTACLE 9 4
OBSTACLE 15 4
OBSTACLE 16 4
OBSTACLE 18 4
OBSTACLE 19 4
OBSTACLE 20 4
OBSTACLE 21 4
OBSTACLE 22 4
OBSTACLE 23 4
OBSTACLE 1 5
OBSTACLE 2 5
OBSTACLE 3 5
OBSTACLE 4 5
OBSTACLE 5 5
OBSTACLE 7 5
OBSTACLE 9 5
OBSTACLE 11 5
OBSTACLE 3 6
OBSTACLE 9 6
OBSTACLE 11 6
OBSTACLE 1 7
OBSTACLE 3 7
OBSTACLE 5 7
OBSTACLE 7 7
OBSTACLE 9 7
OBSTACLE 12 7
OBSTACLE 1 8
OBSTACLE 3 8
OBSTACLE 5 8
OBSTACLE 7 8
OBSTACLE 10 8
OBSTACLE 13 8
OBSTACLE 1 9
OBSTACLE 3 9
OBSTACLE 5 9
OBSTACLE 8 9
OBSTACLE 11 9
OBSTACLE 14 9
OBSTACLE 1 10
OBSTACLE 5 10
OBSTACLE 9 10
OBSTACLE 12 10
OBSTACLE 1 11
OBSTACLE 3 11
OBSTACLE 7 11
OBSTACLE 10 11
OBSTACLE 13 11
OBSTACLE 16 11
OBSTACLE 3 12
OBSTACLE 4 12
OBSTACLE 5 12
OBSTACLE 6 12
OBSTACLE 7 12
OBSTACLE 8 12
OBSTACLE 9 12
OBSTACLE 10 12
OBSTACLE 12 12
OBSTACLE 14 12
OBSTACLE 17 12
OBSTACLE 1 13
OBSTACLE 2 13
OBSTACLE 15 13
OBSTACLE 18 13
OBSTACLE 6 14
OBSTACLE 7 14
OBSTACLE 8 14
OBSTACLE 9 14
OBSTACLE 10 14
OBSTACLE 11 14
OBSTACLE 12 14
OBSTACLE 13 14

Spawn Points x, y
19 1
2 4
2 12
21 12
