WIDTH 30
HEIGHT 18
OBSTACLE 2 0
OBSTACLE 5 0
OBSTACLE 11 0
OBSTACLE 17 0
OBSTACLE 20 0
OBSTACLE 26 0
OBSTACLE 19 1
OBSTACLE 21 1
OBSTACLE 2 2
OBSTACLE 4 2
OBSTACLE 5 2
OBSTACLE 17 2
OBSTACLE 22 2
OBSTACLE 27 2
OBSTACLE 5 3
OBSTACLE 16 3
OBSTACLE 3 4
OBSTACLE 4 4
OBSTACLE 5 4
OBSTACLE 12 4
OBSTACLE 15 4
OBSTACLE 24 4
OBSTACLE 27 4
OBSTACLE 1 5
OBSTACLE 13 5
OBSTACLE 21 5
OBSTACLE 23 5
OBSTACLE 6 6
OBSTACLE 9 6
OBSTACLE 12 6
OBSTACLE 15 6
OBSTACLE 27 6
OBSTACLE 4 7
OBSTACLE 17 7
OBSTACLE 22 7
OBSTACLE 25 7
OBSTACLE 2 8
OBSTACLE 4 8
OBSTACLE 7 8
OBSTACLE 11 8
OBSTACLE 19 8
OBSTACLE 28 8
OBSTACLE 6 9
OBSTACLE 8 9
OBSTACLE 11 9
OBSTACLE 14 9
OBSTACLE 16 9
OBSTACLE 18 9
OBSTACLE 20 9
OBSTACLE 26 9
OBSTACLE 4 10
OBSTACLE 7 10
OBSTACLE 11 10
OBSTACLE 18 10
OBSTACLE 27 10
OBSTACLE 2 11
OBSTACLE 12 11
OBSTACLE 15 11
OBSTACLE 16 11
OBSTACLE 17 11
OBSTACLE 18 11
OBSTACLE 19 11
OBSTACLE 20 11
OBSTACLE 5 12
OBSTACLE 8 12
OBSTACLE 11 12
OBSTACLE 13 12
OBSTACLE 16 12
OBSTACLE 19 12
OBSTACLE 22 12
OBSTACLE 28 12
OBSTACLE 0 13
OBSTACLE 24 13
OBSTACLE 2 14
OBSTACLE 3 14
OBSTACLE 4 14
OBSTACLE 5 14
OBSTACLE 6 14
OBSTACLE 7 14
OBSTACLE 8 14
OBSTACLE 9 14
OBSTACLE 23 14
OBSTACLE 25 14
OBSTACLE 27 14
OBSTACLE 10 15
OBSTACLE 22 15
OBSTACLE 2 16
OBSTACLE 4 16
OBSTACLE 11 16
OBSTACLE 23 16
OBSTACLE 25 16
OBSTACLE 4 17
OBSTACLE 6 17
OBSTACLE 13 17
OBSTACLE 17 17

Spawn Points x, y
4 3
24 3
4 15
24 15
