WIDTH 25
HEIGHT 15
OBSTACLE 8 0
OBSTACLE 9 0
OBSTACLE 10 0
OBSTACLE 11 0
OBSTACLE 12 0
OBSTACLE 13 0
OBSTACLE 7 1
OBSTACLE 10 1
OBSTACLE 11 1
OBSTACLE 14 1
OBSTACLE 6 2
OBSTACLE 7 2
OBSTACLE 8 2
OBSTACLE 9 2
OBSTACLE 10 2
OBSTACLE 11 2
OBSTACLE 12 2
OBSTACLE 13 2
OBSTACLE 14 2
OBSTACLE 15 2
OBSTACLE 4 5
OBSTACLE 10 5
OBSTACLE 16 5
OBSTACLE 22 5
OBSTACLE 2 6
OBSTACLE 3 6
OBSTACLE 4 6
OBSTACLE 5 6
OBSTACLE 6 6
OBSTACLE 8 6
OBSTACLE 9 6
OBSTACLE 10 6
OBSTACLE 11 6
OBSTACLE 12 6
OBSTACLE 14 6
OBSTACLE 15 6
OBSTACLE 16 6
OBSTACLE 17 6
OBSTACLE 18 6
OBSTACLE 20 6
OBSTACLE 21 6
OBSTACLE 22 6
OBSTACLE 23 6
OBSTACLE 24 6
OBSTACLE 2 7
OBSTACLE 4 7
OBSTACLE 6 7
OBSTACLE 8 7
OBSTACLE 10 7
OBSTACLE 12 7
OBSTACLE 14 7
OBSTACLE 16 7
OBSTACLE 18 7
OBSTACLE 20 7
OBSTACLE 22 7
OBSTACLE 24 7
OBSTACLE 3 10
OBSTACLE 9 10
OBSTACLE 15 10
OBSTACLE 21 10
OBSTACLE 2 11
OBSTACLE 3 11
OBSTACLE 4 11
OBSTACLE 8 11
OBSTACLE 9 11
OBSTACLE 10 11
OBSTACLE 14 11
OBSTACLE 15 11
OBSTACLE 16 11
OBSTACLE 20 11
OBSTACLE 21 11
OBSTACLE 22 11
OBSTACLE 2 12
OBSTACLE 3 12
OBSTACLE 4 12
OBSTACLE 8 12
OBSTACLE 9 12
OBSTACLE 10 12
OBSTACLE 14 12
OBSTACLE 15 12
OBSTACLE 16 12
OBSTACLE 20 12
OBSTACLE 21 12
OBSTACLE 22 12

Spawn Points x, y
22 1
3 13
