WIDTH 30
HEIGHT 13
OBSTACLE 0 0
OBSTACLE 1 0
OBSTACLE 2 0
OBSTACLE 3 0
OBSTACLE 4 0
OBSTACLE 5 0
OBSTACLE 6 0
OBSTACLE 7 0
OBSTACLE 8 0
OBSTACLE 9 0
OBSTACLE 10 0
OBSTACLE 11 0
OBSTACLE 12 0
OBSTACLE 13 0
OBSTACLE 14 0
OBSTACLE 15 0
OBSTACLE 16 0
OBSTACLE 17 0
OBSTACLE 18 0
OBSTACLE 19 0
OBSTACLE 20 0
OBSTACLE 21 0
OBSTACLE 22 0
OBSTACLE 23 0
OBSTACLE 24 0
OBSTACLE 25 0
OBSTACLE 26 0
OBSTACLE 27 0
OBSTACLE 28 0
OBSTACLE 29 0
OBSTACLE 6 1
OBSTACLE 26 1
OBSTACLE 29 1
OBSTACLE 0 2
OBSTACLE 3 2
OBSTACLE 4 2
OBSTACLE 5 2
OBSTACLE 6 2
OBSTACLE 9 2
OBSTACLE 10 2
OBSTACLE 11 2
OBSTACLE 12 2
OBSTACLE 13 2
OBSTACLE 14 2
OBSTACLE 15 2
OBSTACLE 16 2
OBSTACLE 17 2
OBSTACLE 18 2
OBSTACLE 19 2
OBSTACLE 20 2
OBSTACLE 21 2
OBSTACLE 22 2
OBSTACLE 23 2
OBSTACLE 26 2
OBSTACLE 29 2
OBSTACLE 0 3
OBSTACLE 9 3
OBSTACLE 26 3
OBSTACLE 29 3
OBSTACLE 0 4
OBSTACLE 3 4
OBSTACLE 4 4
OBSTACLE 5 4
OBSTACLE 6 4
OBSTACLE 7 4
OBSTACLE 8 4
OBSTACLE 9 4
OBSTACLE 12 4
OBSTACLE 13 4
OBSTACLE 14 4
OBSTACLE 15 4
OBSTACLE 16 4
OBSTACLE 17 4
OBSTACLE 18 4
OBSTACLE 19 4
OBSTACLE 20 4
OBSTACLE 21 4
OBSTACLE 22 4
OBSTACLE 23 4
OBSTACLE 24 4
OBSTACLE 25 4
OBSTACLE 26 4
OBSTACLE 29 4
OBSTACLE 0 5
OBSTACLE 6 5
OBSTACLE 12 5
OBSTACLE 17 5
OBSTACLE 23 5
OBSTACLE 29 5
OBSTACLE 0 6
OBSTACLE 1 6
OBSTACLE 2 6
OBSTACLE 3 6
OBSTACLE 4 6
OBSTACLE 5 6
OBSTACLE 6 6
OBSTACLE 9 6
OBSTACLE 10 6
OBSTACLE 11 6
OBSTACLE 12 6
OBSTACLE 14 6
OBSTACLE 17 6
OBSTACLE 20 6
OBSTACLE 23 6
OBSTACLE 26 6
OBSTACLE 27 6
OBSTACLE 28 6
OBSTACLE 29 6
OBSTACLE 0 7
OBSTACLE 6 7
OBSTACLE 9 7
OBSTACLE 14 7
OBSTACLE 17 7
OBSTACLE 20 7
OBSTACLE 23 7
OBSTACLE 29 7
OBSTACLE 0 8
OBSTACLE 3 8
OBSTACLE 6 8
OBSTACLE 9 8
OBSTACLE 12 8
OBSTACLE 13 8
OBSTACLE 14 8
OBSTACLE 17 8
OBSTACLE 20 8
OBSTACLE 23 8
OBSTACLE 24 8
OBSTACLE 25 8
OBSTACLE 26 8
OBSTACLE 29 8
OBSTACLE 0 9
OBSTACLE 3 9
OBSTACLE 6 9
OBSTACLE 14 9
OBSTACLE 20 9
OBSTACLE 23 9
OBSTACLE 29 9
OBSTACLE 0 10
OBSTACLE 3 10
OBSTACLE 4 10
OBSTACLE 5 10
OBSTACLE 6 10
OBSTACLE 7 10
OBSTACLE 8 10
OBSTACLE 9 10
OBSTACLE 10 10
OBSTACLE 11 10
OBSTACLE 12 10
OBSTACLE 14 10
OBSTACLE 15 10
OBSTACLE 16 10
OBSTACLE 17 10
OBSTACLE 18 10
OBSTACLE 19 10
OBSTACLE 20 10
OBSTACLE 23 10
OBSTACLE 26 10
OBSTACLE 29 10
OBSTACLE 0 11
OBSTACLE 20 11
OBSTACLE 26 11
OBSTACLE 0 12
OBSTACLE 1 12
OBSTACLE 2 12
OBSTACLE 3 12
OBSTACLE 4 12
OBSTACLE 5 12
OBSTACLE 6 12
OBSTACLE 7 12
OBSTACLE 8 12
OBSTACLE 9 12
OBSTACLE 10 12
OBSTACLE 11 12
OBSTACLE 12 12
OBSTACLE 13 12
OBSTACLE 14 12
OBSTACLE 15 12
OBSTACLE 16 12
OBSTACLE 17 12
OBSTACLE 18 12
OBSTACLE 19 12
OBSTACLE 20 12
OBSTACLE 21 12
OBSTACLE 22 12
OBSTACLE 23 12
OBSTACLE 24 12
OBSTACLE 25 12
OBSTACLE 26 12
OBSTACLE 27 12
OBSTACLE 28 12
OBSTACLE 29 12

Spawn Points x, y
0 1
29 11
